// Jest Snapshot v1, https://goo.gl/fbAQLP

exports[`Test Navbar should render correctly 1`] = `
<nav
  className="navbar"
  style={
    {
      "background": "#1C2E4A",
    }
  }
>
  <div
    className="navbar-container"
  >
    <a
      className="navbar-logo"
      href="/"
      onClick={[Function]}
    >
      <img
        alt="Logo"
        className="navbar-logo-image"
        src="./images/PUBLIC_LOGO.png"
      />
    </a>
    <div
      className="menu-icon"
      onClick={[Function]}
    >
      <i
        className="fas fa-bars"
      />
    </div>
    <ul
      className="nav-menu"
    >
      <li
        className="nav-item dropdown"
      >
        <a
          className="nav-links"
          href="/"
          onClick={[Function]}
        >
          module
        </a>
        <ul
          className="dropdown-menu"
        >
          <li>
            <a
              className="dropdown-link"
              href="/library"
              onClick={[Function]}
            >
              library
            </a>
          </li>
          <li>
            <a
              className="dropdown-link"
              href="/communication"
              onClick={[Function]}
            >
              communication
            </a>
          </li>
          <li>
            <a
              className="dropdown-link"
              href="/education"
              onClick={[Function]}
            >
              education
            </a>
          </li>
        </ul>
      </li>
      <li
        className="nav-item"
      >
        <a
          className="nav-links"
          href="/dataset-collection"
          onClick={[Function]}
        >
          dataset_collection
        </a>
      </li>
      <li
        className="nav-item"
      >
        <a
          className="nav-links"
          href="/feedback"
          onClick={[Function]}
        >
          feedback
        </a>
      </li>
      <li
        className="nav-item"
      >
        <a
          className="nav-links"
          href="/faq"
          onClick={[Function]}
        >
          faq
        </a>
      </li>
      <li
        className="nav-item dropdown"
      >
        <a
          className="nav-links"
          href="/"
          onClick={[Function]}
        >
          <svg
            className="lucide lucide-globe"
            fill="none"
            height={24}
            stroke="currentColor"
            strokeLinecap="round"
            strokeLinejoin="round"
            strokeWidth={2}
            viewBox="0 0 24 24"
            width={24}
            xmlns="http://www.w3.org/2000/svg"
          >
            <circle
              cx="12"
              cy="12"
              r="10"
            />
            <path
              d="M12 2a14.5 14.5 0 0 0 0 20 14.5 14.5 0 0 0 0-20"
            />
            <path
              d="M2 12h20"
            />
          </svg>
        </a>
        <ul
          className="dropdown-menu3"
        >
          <li>
            <a
              className="dropdown-link"
              href="/"
              onClick={[Function]}
            >
              EN
            </a>
          </li>
          <li>
            <a
              className="dropdown-link"
              href="/"
              onClick={[Function]}
            >
              BM
            </a>
          </li>
        </ul>
      </li>
      <li
        className="nav-item"
      >
        <a
          className="nav-links-mobile"
          href="/login"
          onClick={[Function]}
        >
          login
        </a>
      </li>
      <a
        className="btn-mobile"
        href="/login"
        onClick={[Function]}
      >
        <button
          className="btn btn--outline btn--medium"
          data-testid="button-btn--outline"
          onClick={[Function]}
          type="button"
        >
          login
        </button>
      </a>
    </ul>
  </div>
</nav>
`;
