// Jest Snapshot v1, https://goo.gl/fbAQLP

exports[`Test Footer should render correctly 1`] = `
<div
  className="footer-container"
  style={
    {
      "background": "#1C2E4A",
    }
  }
>
  <div
    className="footer-links"
  >
    <div
      className="footer-link-wrapper"
    >
      <div
        className="footer-link-items"
      >
        <h2>
          Sign Bridge
        </h2>
        <a
          href="/login"
          onClick={[Function]}
        >
          how_it_works
        </a>
        <a
          href="/"
          onClick={[Function]}
        >
          testimonials
        </a>
        <a
          href="/"
          onClick={[Function]}
        >
          careers
        </a>
        <a
          href="/"
          onClick={[Function]}
        >
          investors
        </a>
        <a
          href="/"
          onClick={[Function]}
        >
          terms_of_service
        </a>
        <a
          href="/references"
          onClick={[Function]}
        >
          references
        </a>
      </div>
      <div
        className="footer-link-items"
      >
        <h2>
          contact_us
        </h2>
        <a
          href="/"
          onClick={[Function]}
        >
          contact
        </a>
        <a
          href="/"
          onClick={[Function]}
        >
          support
        </a>
        <a
          href="/"
          onClick={[Function]}
        >
          destinations
        </a>
        <a
          href="/"
          onClick={[Function]}
        >
          sponsorship
        </a>
      </div>
    </div>
    <div
      className="footer-link-wrapper"
    >
      <div
        className="footer-link-items"
      >
        <h2>
          modules
        </h2>
        <a
          href="/library"
          onClick={[Function]}
        >
          library
        </a>
        <a
          href="/communication"
          onClick={[Function]}
        >
          communication
        </a>
        <a
          href="/education"
          onClick={[Function]}
        >
          education
        </a>
      </div>
      <div
        className="footer-link-items"
      >
        <h2>
          social_media
        </h2>
        <a
          href="/"
          onClick={[Function]}
        >
          Instagram
        </a>
        <a
          href="/"
          onClick={[Function]}
        >
          Facebook
        </a>
        <a
          href="/"
          onClick={[Function]}
        >
          Youtube
        </a>
        <a
          href="/"
          onClick={[Function]}
        >
          Twitter
        </a>
      </div>
    </div>
  </div>
  <section
    className="social-media"
  >
    <div
      className="social-media-wrap"
    >
      <small
        className="website-rights"
      >
        copyright
      </small>
      <div
        className="social-icons"
      >
        <a
          aria-label="Facebook"
          className="social-icon-link facebook"
          href="/"
          onClick={[Function]}
          target="_blank"
        >
          <i
            className="fab fa-facebook-f"
          />
        </a>
        <a
          aria-label="Instagram"
          className="social-icon-link instagram"
          href="/"
          onClick={[Function]}
          target="_blank"
        >
          <i
            className="fab fa-instagram"
          />
        </a>
        <a
          aria-label="Youtube"
          className="social-icon-link youtube"
          href="/"
          onClick={[Function]}
          target="_blank"
        >
          <i
            className="fab fa-youtube"
          />
        </a>
        <a
          aria-label="Twitter"
          className="social-icon-link twitter"
          href="/"
          onClick={[Function]}
          target="_blank"
        >
          <i
            className="fab fa-twitter"
          />
        </a>
        <a
          aria-label="LinkedIn"
          className="social-icon-link twitter"
          href="/"
          onClick={[Function]}
          target="_blank"
        >
          <i
            className="fab fa-linkedin"
          />
        </a>
      </div>
    </div>
  </section>
</div>
`;
